
49. Executing PROC_DLATCH pass (convert process syncs to latches).
No latch inferred for signal `\decoder_logic.\write_normal' from process `\decoder_logic.$proc$/home/vboxuser/Desktop/openlane/testing/decoder_logic.sv:0$311'.
No latch inferred for signal `\decoder_logic.\write_square' from process `\decoder_logic.$proc$/home/vboxuser/Desktop/openlane/testing/decoder_logic.sv:0$311'.
No latch inferred for signal `\register_file.$unnamed_block$2.i' from process `\register_file.$proc$/home/vboxuser/Desktop/openlane/testing/register_file.sv:0$228'.
No latch inferred for signal `\register_file.$memwr$\register$/home/vboxuser/Desktop/openlane/testing/register_file.sv:40$148_EN' from process `\register_file.$proc$/home/vboxuser/Desktop/openlane/testing/register_file.sv:0$228'.
No latch inferred for signal `\register_file.$memwr$\register$/home/vboxuser/Desktop/openlane/testing/register_file.sv:40$149_EN' from process `\register_file.$proc$/home/vboxuser/Desktop/openlane/testing/register_file.sv:0$228'.
No latch inferred for signal `\register_file.$memwr$\register$/home/vboxuser/Desktop/openlane/testing/register_file.sv:40$150_EN' from process `\register_file.$proc$/home/vboxuser/Desktop/openlane/testing/register_file.sv:0$228'.
No latch inferred for signal `\register_file.$memwr$\register$/home/vboxuser/Desktop/openlane/testing/register_file.sv:40$151_EN' from process `\register_file.$proc$/home/vboxuser/Desktop/openlane/testing/register_file.sv:0$228'.
No latch inferred for signal `\register_file.$memwr$\register$/home/vboxuser/Desktop/openlane/testing/register_file.sv:40$152_EN' from process `\register_file.$proc$/home/vboxuser/Desktop/openlane/testing/register_file.sv:0$228'.
No latch inferred for signal `\register_file.$memwr$\register$/home/vboxuser/Desktop/openlane/testing/register_file.sv:40$153_EN' from process `\register_file.$proc$/home/vboxuser/Desktop/openlane/testing/register_file.sv:0$228'.
No latch inferred for signal `\register_file.$memwr$\register$/home/vboxuser/Desktop/openlane/testing/register_file.sv:40$154_EN' from process `\register_file.$proc$/home/vboxuser/Desktop/openlane/testing/register_file.sv:0$228'.
No latch inferred for signal `\register_file.$memwr$\register$/home/vboxuser/Desktop/openlane/testing/register_file.sv:40$155_EN' from process `\register_file.$proc$/home/vboxuser/Desktop/openlane/testing/register_file.sv:0$228'.
No latch inferred for signal `\register_file.$memwr$\register$/home/vboxuser/Desktop/openlane/testing/register_file.sv:40$156_EN' from process `\register_file.$proc$/home/vboxuser/Desktop/openlane/testing/register_file.sv:0$228'.
No latch inferred for signal `\register_file.$memwr$\register$/home/vboxuser/Desktop/openlane/testing/register_file.sv:40$157_EN' from process `\register_file.$proc$/home/vboxuser/Desktop/openlane/testing/register_file.sv:0$228'.
No latch inferred for signal `\register_file.$memwr$\register$/home/vboxuser/Desktop/openlane/testing/register_file.sv:40$158_EN' from process `\register_file.$proc$/home/vboxuser/Desktop/openlane/testing/register_file.sv:0$228'.
No latch inferred for signal `\register_file.$memwr$\register$/home/vboxuser/Desktop/openlane/testing/register_file.sv:40$159_EN' from process `\register_file.$proc$/home/vboxuser/Desktop/openlane/testing/register_file.sv:0$228'.
No latch inferred for signal `\register_file.$memwr$\register$/home/vboxuser/Desktop/openlane/testing/register_file.sv:40$160_EN' from process `\register_file.$proc$/home/vboxuser/Desktop/openlane/testing/register_file.sv:0$228'.
No latch inferred for signal `\register_file.$memwr$\register$/home/vboxuser/Desktop/openlane/testing/register_file.sv:40$161_EN' from process `\register_file.$proc$/home/vboxuser/Desktop/openlane/testing/register_file.sv:0$228'.
No latch inferred for signal `\register_file.$memwr$\register$/home/vboxuser/Desktop/openlane/testing/register_file.sv:40$162_EN' from process `\register_file.$proc$/home/vboxuser/Desktop/openlane/testing/register_file.sv:0$228'.
No latch inferred for signal `\register_file.$memwr$\register$/home/vboxuser/Desktop/openlane/testing/register_file.sv:40$163_EN' from process `\register_file.$proc$/home/vboxuser/Desktop/openlane/testing/register_file.sv:0$228'.
No latch inferred for signal `\register_file.$memwr$\register$/home/vboxuser/Desktop/openlane/testing/register_file.sv:40$164_EN' from process `\register_file.$proc$/home/vboxuser/Desktop/openlane/testing/register_file.sv:0$228'.
No latch inferred for signal `\register_file.$memwr$\register$/home/vboxuser/Desktop/openlane/testing/register_file.sv:40$165_EN' from process `\register_file.$proc$/home/vboxuser/Desktop/openlane/testing/register_file.sv:0$228'.
No latch inferred for signal `\register_file.$memwr$\register$/home/vboxuser/Desktop/openlane/testing/register_file.sv:40$166_EN' from process `\register_file.$proc$/home/vboxuser/Desktop/openlane/testing/register_file.sv:0$228'.
No latch inferred for signal `\register_file.$memwr$\register$/home/vboxuser/Desktop/openlane/testing/register_file.sv:40$167_EN' from process `\register_file.$proc$/home/vboxuser/Desktop/openlane/testing/register_file.sv:0$228'.
No latch inferred for signal `\register_file.$memwr$\register$/home/vboxuser/Desktop/openlane/testing/register_file.sv:40$168_EN' from process `\register_file.$proc$/home/vboxuser/Desktop/openlane/testing/register_file.sv:0$228'.
No latch inferred for signal `\register_file.$memwr$\register$/home/vboxuser/Desktop/openlane/testing/register_file.sv:40$169_EN' from process `\register_file.$proc$/home/vboxuser/Desktop/openlane/testing/register_file.sv:0$228'.
No latch inferred for signal `\register_file.$memwr$\register$/home/vboxuser/Desktop/openlane/testing/register_file.sv:40$170_EN' from process `\register_file.$proc$/home/vboxuser/Desktop/openlane/testing/register_file.sv:0$228'.
No latch inferred for signal `\register_file.$memwr$\register$/home/vboxuser/Desktop/openlane/testing/register_file.sv:40$171_EN' from process `\register_file.$proc$/home/vboxuser/Desktop/openlane/testing/register_file.sv:0$228'.
No latch inferred for signal `\register_file.$memwr$\register$/home/vboxuser/Desktop/openlane/testing/register_file.sv:40$172_EN' from process `\register_file.$proc$/home/vboxuser/Desktop/openlane/testing/register_file.sv:0$228'.
No latch inferred for signal `\register_file.$memwr$\register$/home/vboxuser/Desktop/openlane/testing/register_file.sv:40$173_EN' from process `\register_file.$proc$/home/vboxuser/Desktop/openlane/testing/register_file.sv:0$228'.
No latch inferred for signal `\register_file.$memwr$\register$/home/vboxuser/Desktop/openlane/testing/register_file.sv:40$174_EN' from process `\register_file.$proc$/home/vboxuser/Desktop/openlane/testing/register_file.sv:0$228'.
No latch inferred for signal `\register_file.$memwr$\register$/home/vboxuser/Desktop/openlane/testing/register_file.sv:40$175_EN' from process `\register_file.$proc$/home/vboxuser/Desktop/openlane/testing/register_file.sv:0$228'.
No latch inferred for signal `\register_file.$memwr$\register$/home/vboxuser/Desktop/openlane/testing/register_file.sv:40$176_EN' from process `\register_file.$proc$/home/vboxuser/Desktop/openlane/testing/register_file.sv:0$228'.
No latch inferred for signal `\register_file.$memwr$\register$/home/vboxuser/Desktop/openlane/testing/register_file.sv:40$177_EN' from process `\register_file.$proc$/home/vboxuser/Desktop/openlane/testing/register_file.sv:0$228'.
No latch inferred for signal `\register_file.$memwr$\register$/home/vboxuser/Desktop/openlane/testing/register_file.sv:40$178_EN' from process `\register_file.$proc$/home/vboxuser/Desktop/openlane/testing/register_file.sv:0$228'.
No latch inferred for signal `\register_file.$memwr$\register$/home/vboxuser/Desktop/openlane/testing/register_file.sv:40$179_EN' from process `\register_file.$proc$/home/vboxuser/Desktop/openlane/testing/register_file.sv:0$228'.
No latch inferred for signal `\extender.\out' from process `\extender.$proc$/home/vboxuser/Desktop/openlane/testing/extender.sv:0$145'.
No latch inferred for signal `\mux_2.\y' from process `\mux_2.$proc$/home/vboxuser/Desktop/openlane/testing/mux_2.sv:0$144'.
No latch inferred for signal `\alu.\result' from process `\alu.$proc$/home/vboxuser/Desktop/openlane/testing/alu.sv:0$132'.
No latch inferred for signal `\mux_3.\y' from process `\mux_3.$proc$/home/vboxuser/Desktop/openlane/testing/mux_3.sv:0$131'.
No latch inferred for signal `\main_decoder.\controls' from process `\main_decoder.$proc$/home/vboxuser/Desktop/openlane/testing/main_decoder.sv:0$130'.
No latch inferred for signal `\alu_decoder.\alu_con' from process `\alu_decoder.$proc$/home/vboxuser/Desktop/openlane/testing/alu_decoder.sv:0$128'.
No latch inferred for signal `\master.\pready' from process `\master.$proc$/home/vboxuser/Desktop/openlane/testing/master.sv:0$104'.
No latch inferred for signal `\controller.\pc_src' from process `\controller.$proc$/home/vboxuser/Desktop/openlane/testing/controller.sv:0$94'.
No latch inferred for signal `\imem.$memwr$\ram$/home/vboxuser/Desktop/openlane/testing/imem.sv:31$22_EN' from process `\imem.$proc$/home/vboxuser/Desktop/openlane/testing/imem.sv:0$71'.
No latch inferred for signal `\imem.$memwr$\ram$/home/vboxuser/Desktop/openlane/testing/imem.sv:32$23_EN' from process `\imem.$proc$/home/vboxuser/Desktop/openlane/testing/imem.sv:0$71'.
No latch inferred for signal `\imem.$memwr$\ram$/home/vboxuser/Desktop/openlane/testing/imem.sv:33$24_EN' from process `\imem.$proc$/home/vboxuser/Desktop/openlane/testing/imem.sv:0$71'.
No latch inferred for signal `\imem.$memwr$\ram$/home/vboxuser/Desktop/openlane/testing/imem.sv:34$25_EN' from process `\imem.$proc$/home/vboxuser/Desktop/openlane/testing/imem.sv:0$71'.
No latch inferred for signal `\imem.$memwr$\ram$/home/vboxuser/Desktop/openlane/testing/imem.sv:35$26_EN' from process `\imem.$proc$/home/vboxuser/Desktop/openlane/testing/imem.sv:0$71'.
No latch inferred for signal `\imem.$memwr$\ram$/home/vboxuser/Desktop/openlane/testing/imem.sv:36$27_EN' from process `\imem.$proc$/home/vboxuser/Desktop/openlane/testing/imem.sv:0$71'.
No latch inferred for signal `\imem.$memwr$\ram$/home/vboxuser/Desktop/openlane/testing/imem.sv:37$28_EN' from process `\imem.$proc$/home/vboxuser/Desktop/openlane/testing/imem.sv:0$71'.
No latch inferred for signal `\imem.$memwr$\ram$/home/vboxuser/Desktop/openlane/testing/imem.sv:38$29_EN' from process `\imem.$proc$/home/vboxuser/Desktop/openlane/testing/imem.sv:0$71'.
No latch inferred for signal `\imem.$memwr$\ram$/home/vboxuser/Desktop/openlane/testing/imem.sv:39$30_EN' from process `\imem.$proc$/home/vboxuser/Desktop/openlane/testing/imem.sv:0$71'.
No latch inferred for signal `\imem.$memwr$\ram$/home/vboxuser/Desktop/openlane/testing/imem.sv:40$31_EN' from process `\imem.$proc$/home/vboxuser/Desktop/openlane/testing/imem.sv:0$71'.
No latch inferred for signal `\imem.$memwr$\ram$/home/vboxuser/Desktop/openlane/testing/imem.sv:41$32_EN' from process `\imem.$proc$/home/vboxuser/Desktop/openlane/testing/imem.sv:0$71'.
No latch inferred for signal `\imem.$memwr$\ram$/home/vboxuser/Desktop/openlane/testing/imem.sv:42$33_EN' from process `\imem.$proc$/home/vboxuser/Desktop/openlane/testing/imem.sv:0$71'.
No latch inferred for signal `\imem.$memwr$\ram$/home/vboxuser/Desktop/openlane/testing/imem.sv:43$34_EN' from process `\imem.$proc$/home/vboxuser/Desktop/openlane/testing/imem.sv:0$71'.
No latch inferred for signal `\imem.$memwr$\ram$/home/vboxuser/Desktop/openlane/testing/imem.sv:44$35_EN' from process `\imem.$proc$/home/vboxuser/Desktop/openlane/testing/imem.sv:0$71'.
No latch inferred for signal `\imem.$memwr$\ram$/home/vboxuser/Desktop/openlane/testing/imem.sv:45$36_EN' from process `\imem.$proc$/home/vboxuser/Desktop/openlane/testing/imem.sv:0$71'.
No latch inferred for signal `\imem.$memwr$\ram$/home/vboxuser/Desktop/openlane/testing/imem.sv:46$37_EN' from process `\imem.$proc$/home/vboxuser/Desktop/openlane/testing/imem.sv:0$71'.
No latch inferred for signal `\imem.$memwr$\ram$/home/vboxuser/Desktop/openlane/testing/imem.sv:47$38_EN' from process `\imem.$proc$/home/vboxuser/Desktop/openlane/testing/imem.sv:0$71'.
No latch inferred for signal `\imem.$memwr$\ram$/home/vboxuser/Desktop/openlane/testing/imem.sv:48$39_EN' from process `\imem.$proc$/home/vboxuser/Desktop/openlane/testing/imem.sv:0$71'.
No latch inferred for signal `\imem.$memwr$\ram$/home/vboxuser/Desktop/openlane/testing/imem.sv:49$40_EN' from process `\imem.$proc$/home/vboxuser/Desktop/openlane/testing/imem.sv:0$71'.
No latch inferred for signal `\imem.$memwr$\ram$/home/vboxuser/Desktop/openlane/testing/imem.sv:50$41_EN' from process `\imem.$proc$/home/vboxuser/Desktop/openlane/testing/imem.sv:0$71'.
No latch inferred for signal `\imem.$memwr$\ram$/home/vboxuser/Desktop/openlane/testing/imem.sv:51$42_EN' from process `\imem.$proc$/home/vboxuser/Desktop/openlane/testing/imem.sv:0$71'.
No latch inferred for signal `\imem.$memwr$\ram$/home/vboxuser/Desktop/openlane/testing/imem.sv:52$43_EN' from process `\imem.$proc$/home/vboxuser/Desktop/openlane/testing/imem.sv:0$71'.
No latch inferred for signal `\bridge.\dmem_write' from process `\bridge.$proc$/home/vboxuser/Desktop/openlane/testing/bridge.sv:0$19'.
No latch inferred for signal `\bridge.\data_in' from process `\bridge.$proc$/home/vboxuser/Desktop/openlane/testing/bridge.sv:0$19'.
No latch inferred for signal `\bridge.\apb_write' from process `\bridge.$proc$/home/vboxuser/Desktop/openlane/testing/bridge.sv:0$19'.
