201. Printing statistics.

=== top ===

   Number of wires:               6938
   Number of wire bits:           8951
   Number of public wires:         112
   Number of public wire bits:    2013
   Number of ports:                  9
   Number of port bits:            102
   Number of memories:               0
   Number of memory bits:            0
   Number of processes:              0
   Number of cells:               8797
     $_ANDNOT_                     885
     $_AND_                        123
     $_MUX_                       3945
     $_NAND_                       203
     $_NOR_                        201
     $_NOT_                        477
     $_ORNOT_                      148
     $_OR_                         731
     $_XNOR_                        95
     $_XOR_                        300
     sky130_fd_sc_hd__dfxtp_2     1689

   Area for cell type $_NOT_ is unknown!
   Area for cell type $_AND_ is unknown!
   Area for cell type $_NAND_ is unknown!
   Area for cell type $_OR_ is unknown!
   Area for cell type $_NOR_ is unknown!
   Area for cell type $_XOR_ is unknown!
   Area for cell type $_XNOR_ is unknown!
   Area for cell type $_ANDNOT_ is unknown!
   Area for cell type $_ORNOT_ is unknown!
   Area for cell type $_MUX_ is unknown!

   Chip area for module '\top': 35925.705600
     of which used for sequential elements: 35925.705600 (100.00%)

