195. Printing statistics.

=== top ===

   Number of wires:               4905
   Number of wire bits:           6887
   Number of public wires:         110
   Number of public wire bits:    1980
   Number of ports:                  6
   Number of port bits:             37
   Number of memories:               0
   Number of memory bits:            0
   Number of processes:              0
   Number of cells:               6733
     $_ANDNOT_                     890
     $_AND_                        122
     $_DFFE_PP_                   1152
     $_DFF_P_                       31
     $_MUX_                       1875
     $_NAND_                       203
     $_NOR_                        199
     $_NOT_                        483
     $_ORNOT_                      145
     $_OR_                         732
     $_SDFFCE_PN0P_                 24
     $_SDFFE_PP0N_                   2
     $_SDFFE_PP0P_                 385
     $_SDFFE_PP1P_                   1
     $_SDFF_PN0_                     4
     $_SDFF_PP0_                    90
     $_XNOR_                        94
     $_XOR_                        301

   Area for cell type $_NOT_ is unknown!
   Area for cell type $_AND_ is unknown!
   Area for cell type $_NAND_ is unknown!
   Area for cell type $_OR_ is unknown!
   Area for cell type $_NOR_ is unknown!
   Area for cell type $_XOR_ is unknown!
   Area for cell type $_XNOR_ is unknown!
   Area for cell type $_ANDNOT_ is unknown!
   Area for cell type $_ORNOT_ is unknown!
   Area for cell type $_MUX_ is unknown!
   Area for cell type $_DFF_P_ is unknown!
   Area for cell type $_DFFE_PP_ is unknown!
   Area for cell type $_SDFF_PN0_ is unknown!
   Area for cell type $_SDFF_PP0_ is unknown!
   Area for cell type $_SDFFE_PP0N_ is unknown!
   Area for cell type $_SDFFE_PP0P_ is unknown!
   Area for cell type $_SDFFE_PP1P_ is unknown!
   Area for cell type $_SDFFCE_PN0P_ is unknown!

