
53. Executing CHECK pass (checking for obvious problems).
Checking module top...
Checking module $paramod\square\N=s32'00000000000000000000000000010000...
Checking module baud_rate...
Checking module serializer...
Checking module uart_tx...
Checking module uart_rx...
Checking module deserializer...
Checking module control_logic...
Checking module decoder_logic...
Checking module timer...
Checking module pwm...
Checking module uart_soc...
Checking module apb_master...
Checking module apb_slave_uart...
Checking module apb_slave_pwm...
Checking module apb_slave_timer...
Checking module d_ff...
Checking module adder...
Checking module register_file...
Checking module extender...
Checking module mux_2...
Checking module alu...
Checking module mux_3...
Checking module main_decoder...
Checking module alu_decoder...
Checking module $paramod$cb38a9cb809a1fe731ee8c292c54ee352df58f56\fifo...
Checking module master...
Checking module fifo_master...
Checking module controller...
Checking module datapath...
Checking module core...
Checking module imem...
Checking module bridge...
Checking module dmem...
Checking module $paramod\normal\N=s32'00000000000000000000000000010000...
Found and reported 0 problems.
