209. Printing statistics.

=== top ===

   Number of wires:               8844
   Number of wire bits:           8875
   Number of public wires:        1651
   Number of public wire bits:    1682
   Number of ports:                  6
   Number of port bits:             37
   Number of memories:               0
   Number of memory bits:            0
   Number of processes:              0
   Number of cells:               8873
     sky130_fd_sc_hd__a2111o_2       8
     sky130_fd_sc_hd__a2111oi_2      2
     sky130_fd_sc_hd__a211o_2       26
     sky130_fd_sc_hd__a211oi_2       5
     sky130_fd_sc_hd__a211oi_4       2
     sky130_fd_sc_hd__a21bo_2       16
     sky130_fd_sc_hd__a21boi_2       2
     sky130_fd_sc_hd__a21o_2       114
     sky130_fd_sc_hd__a21oi_2       96
     sky130_fd_sc_hd__a221o_2       49
     sky130_fd_sc_hd__a221oi_2       3
     sky130_fd_sc_hd__a22o_2        96
     sky130_fd_sc_hd__a22oi_2        4
     sky130_fd_sc_hd__a2bb2o_2      10
     sky130_fd_sc_hd__a311o_2       11
     sky130_fd_sc_hd__a311oi_2       2
     sky130_fd_sc_hd__a311oi_4       1
     sky130_fd_sc_hd__a31o_2        70
     sky130_fd_sc_hd__a31oi_2        2
     sky130_fd_sc_hd__a31oi_4        1
     sky130_fd_sc_hd__a32o_2        18
     sky130_fd_sc_hd__a41o_2         4
     sky130_fd_sc_hd__a41oi_2        2
     sky130_fd_sc_hd__and2_2       530
     sky130_fd_sc_hd__and2b_2       28
     sky130_fd_sc_hd__and3_2       107
     sky130_fd_sc_hd__and3_4         2
     sky130_fd_sc_hd__and3b_2       24
     sky130_fd_sc_hd__and4_2        19
     sky130_fd_sc_hd__and4b_2       12
     sky130_fd_sc_hd__and4bb_2       7
     sky130_fd_sc_hd__buf_1       2052
     sky130_fd_sc_hd__buf_2        184
     sky130_fd_sc_hd__buf_4          5
     sky130_fd_sc_hd__buf_6          3
     sky130_fd_sc_hd__dfxtp_2     1681
     sky130_fd_sc_hd__inv_2         83
     sky130_fd_sc_hd__inv_4          2
     sky130_fd_sc_hd__mux2_1        63
     sky130_fd_sc_hd__mux2_2      1718
     sky130_fd_sc_hd__mux2_4         2
     sky130_fd_sc_hd__mux4_2       294
     sky130_fd_sc_hd__nand2_2      271
     sky130_fd_sc_hd__nand2b_2       5
     sky130_fd_sc_hd__nand3_2        5
     sky130_fd_sc_hd__nand3b_2       6
     sky130_fd_sc_hd__nand4_2        7
     sky130_fd_sc_hd__nand4b_2       2
     sky130_fd_sc_hd__nor2_2       274
     sky130_fd_sc_hd__nor2_4         2
     sky130_fd_sc_hd__nor2b_2        2
     sky130_fd_sc_hd__nor3_2         8
     sky130_fd_sc_hd__nor3b_2        3
     sky130_fd_sc_hd__nor4_2         1
     sky130_fd_sc_hd__o2111a_2       3
     sky130_fd_sc_hd__o2111ai_2      1
     sky130_fd_sc_hd__o211a_2       30
     sky130_fd_sc_hd__o211ai_2      11
     sky130_fd_sc_hd__o21a_2        57
     sky130_fd_sc_hd__o21ai_2       64
     sky130_fd_sc_hd__o21ba_2        7
     sky130_fd_sc_hd__o221a_2       43
     sky130_fd_sc_hd__o221ai_2       6
     sky130_fd_sc_hd__o22a_2        41
     sky130_fd_sc_hd__o22ai_2        5
     sky130_fd_sc_hd__o2bb2a_2      16
     sky130_fd_sc_hd__o2bb2ai_2      1
     sky130_fd_sc_hd__o311a_2        7
     sky130_fd_sc_hd__o311ai_2       1
     sky130_fd_sc_hd__o31a_2        17
     sky130_fd_sc_hd__o31ai_2        6
     sky130_fd_sc_hd__o32a_2         5
     sky130_fd_sc_hd__o41a_2         7
     sky130_fd_sc_hd__o41ai_2        1
     sky130_fd_sc_hd__or2_2        156
     sky130_fd_sc_hd__or2_4          2
     sky130_fd_sc_hd__or2b_2        20
     sky130_fd_sc_hd__or3_2         43
     sky130_fd_sc_hd__or3_4          6
     sky130_fd_sc_hd__or3b_2        53
     sky130_fd_sc_hd__or3b_4         1
     sky130_fd_sc_hd__or4_2         70
     sky130_fd_sc_hd__or4_4          5
     sky130_fd_sc_hd__or4b_2        10
     sky130_fd_sc_hd__or4bb_2        8
     sky130_fd_sc_hd__xnor2_2      148
     sky130_fd_sc_hd__xor2_2        76

   Chip area for module '\top': 96308.617600
     of which used for sequential elements: 35755.542400 (37.13%)

